2025-06-25 09:41:06.060 [traceId=] [user=] [SpringApplicationShutdownHook] ERROR o.h.t.s.i.SchemaDropperImpl$DelayedDropActionImpl - HHH000478: Unsuccessful: alter table cart drop foreign key FKg5uhi8vpsuy0lgloxk2h4w5o6
2025-06-25 09:41:06.061 [traceId=] [user=] [SpringApplicationShutdownHook] ERROR o.h.t.s.i.SchemaDropperImpl$DelayedDropActionImpl - HHH000478: Unsuccessful: alter table cart_item drop foreign key FK1uobyhgl1wvgt1jpccia8xxs3
2025-06-25 09:41:06.061 [traceId=] [user=] [SpringApplicationShutdownHook] ERROR o.h.t.s.i.SchemaDropperImpl$DelayedDropActionImpl - HHH000478: Unsuccessful: alter table cart_item drop foreign key FKjcyd5wv4igqnw413rgxbfu4nv
2025-06-25 09:41:06.062 [traceId=] [user=] [SpringApplicationShutdownHook] ERROR o.h.t.s.i.SchemaDropperImpl$DelayedDropActionImpl - HHH000478: Unsuccessful: alter table inventory drop foreign key FKp7gj4l80fx8v0uap3b2crjwp5
2025-06-25 09:41:06.062 [traceId=] [user=] [SpringApplicationShutdownHook] ERROR o.h.t.s.i.SchemaDropperImpl$DelayedDropActionImpl - HHH000478: Unsuccessful: alter table `order` drop foreign key FKh3c37jq3nrv0f2edcxk0ine72
2025-06-25 09:41:06.062 [traceId=] [user=] [SpringApplicationShutdownHook] ERROR o.h.t.s.i.SchemaDropperImpl$DelayedDropActionImpl - HHH000478: Unsuccessful: alter table order_detail drop foreign key FKlb8mofup9mi791hraxt9wlj5u
2025-06-25 09:41:06.063 [traceId=] [user=] [SpringApplicationShutdownHook] ERROR o.h.t.s.i.SchemaDropperImpl$DelayedDropActionImpl - HHH000478: Unsuccessful: alter table order_detail drop foreign key FKb8bg2bkty0oksa3wiq5mp5qnc
2025-06-25 09:41:06.063 [traceId=] [user=] [SpringApplicationShutdownHook] ERROR o.h.t.s.i.SchemaDropperImpl$DelayedDropActionImpl - HHH000478: Unsuccessful: alter table product drop foreign key FKh259gmj2fw5b2pqed7ii3rpnl
2025-06-25 09:41:06.063 [traceId=] [user=] [SpringApplicationShutdownHook] ERROR o.h.t.s.i.SchemaDropperImpl$DelayedDropActionImpl - HHH000478: Unsuccessful: alter table product drop foreign key FKhiwr0cl8fpxh1xm9y17wo5up0
2025-06-25 09:41:06.063 [traceId=] [user=] [SpringApplicationShutdownHook] ERROR o.h.t.s.i.SchemaDropperImpl$DelayedDropActionImpl - HHH000478: Unsuccessful: alter table product_category drop foreign key FKkud35ls1d40wpjb5htpp14q4e
2025-06-25 09:41:06.063 [traceId=] [user=] [SpringApplicationShutdownHook] ERROR o.h.t.s.i.SchemaDropperImpl$DelayedDropActionImpl - HHH000478: Unsuccessful: alter table product_category drop foreign key FK2k3smhbruedlcrvu6clued06x
2025-06-25 09:59:56.576 [traceId=] [user=] [SpringApplicationShutdownHook] ERROR o.h.t.s.i.SchemaDropperImpl$DelayedDropActionImpl - HHH000478: Unsuccessful: alter table cart drop foreign key FKg5uhi8vpsuy0lgloxk2h4w5o6
2025-06-25 09:59:56.576 [traceId=] [user=] [SpringApplicationShutdownHook] ERROR o.h.t.s.i.SchemaDropperImpl$DelayedDropActionImpl - HHH000478: Unsuccessful: alter table cart_item drop foreign key FK1uobyhgl1wvgt1jpccia8xxs3
2025-06-25 09:59:56.576 [traceId=] [user=] [SpringApplicationShutdownHook] ERROR o.h.t.s.i.SchemaDropperImpl$DelayedDropActionImpl - HHH000478: Unsuccessful: alter table cart_item drop foreign key FKjcyd5wv4igqnw413rgxbfu4nv
2025-06-25 09:59:56.576 [traceId=] [user=] [SpringApplicationShutdownHook] ERROR o.h.t.s.i.SchemaDropperImpl$DelayedDropActionImpl - HHH000478: Unsuccessful: alter table inventory drop foreign key FKp7gj4l80fx8v0uap3b2crjwp5
2025-06-25 09:59:56.577 [traceId=] [user=] [SpringApplicationShutdownHook] ERROR o.h.t.s.i.SchemaDropperImpl$DelayedDropActionImpl - HHH000478: Unsuccessful: alter table `order` drop foreign key FKh3c37jq3nrv0f2edcxk0ine72
2025-06-25 09:59:56.577 [traceId=] [user=] [SpringApplicationShutdownHook] ERROR o.h.t.s.i.SchemaDropperImpl$DelayedDropActionImpl - HHH000478: Unsuccessful: alter table order_detail drop foreign key FKlb8mofup9mi791hraxt9wlj5u
2025-06-25 09:59:56.577 [traceId=] [user=] [SpringApplicationShutdownHook] ERROR o.h.t.s.i.SchemaDropperImpl$DelayedDropActionImpl - HHH000478: Unsuccessful: alter table order_detail drop foreign key FKb8bg2bkty0oksa3wiq5mp5qnc
2025-06-25 09:59:56.577 [traceId=] [user=] [SpringApplicationShutdownHook] ERROR o.h.t.s.i.SchemaDropperImpl$DelayedDropActionImpl - HHH000478: Unsuccessful: alter table product drop foreign key FKh259gmj2fw5b2pqed7ii3rpnl
2025-06-25 09:59:56.577 [traceId=] [user=] [SpringApplicationShutdownHook] ERROR o.h.t.s.i.SchemaDropperImpl$DelayedDropActionImpl - HHH000478: Unsuccessful: alter table product drop foreign key FKhiwr0cl8fpxh1xm9y17wo5up0
2025-06-25 09:59:56.577 [traceId=] [user=] [SpringApplicationShutdownHook] ERROR o.h.t.s.i.SchemaDropperImpl$DelayedDropActionImpl - HHH000478: Unsuccessful: alter table product_category drop foreign key FKkud35ls1d40wpjb5htpp14q4e
2025-06-25 09:59:56.577 [traceId=] [user=] [SpringApplicationShutdownHook] ERROR o.h.t.s.i.SchemaDropperImpl$DelayedDropActionImpl - HHH000478: Unsuccessful: alter table product_category drop foreign key FK2k3smhbruedlcrvu6clued06x
2025-06-25 10:14:07.348 [traceId=] [user=] [SpringApplicationShutdownHook] ERROR o.h.t.s.i.SchemaDropperImpl$DelayedDropActionImpl - HHH000478: Unsuccessful: alter table cart drop foreign key FKg5uhi8vpsuy0lgloxk2h4w5o6
2025-06-25 10:14:07.348 [traceId=] [user=] [SpringApplicationShutdownHook] ERROR o.h.t.s.i.SchemaDropperImpl$DelayedDropActionImpl - HHH000478: Unsuccessful: alter table cart_item drop foreign key FK1uobyhgl1wvgt1jpccia8xxs3
2025-06-25 10:14:07.348 [traceId=] [user=] [SpringApplicationShutdownHook] ERROR o.h.t.s.i.SchemaDropperImpl$DelayedDropActionImpl - HHH000478: Unsuccessful: alter table cart_item drop foreign key FKjcyd5wv4igqnw413rgxbfu4nv
2025-06-25 10:14:07.348 [traceId=] [user=] [SpringApplicationShutdownHook] ERROR o.h.t.s.i.SchemaDropperImpl$DelayedDropActionImpl - HHH000478: Unsuccessful: alter table inventory drop foreign key FKp7gj4l80fx8v0uap3b2crjwp5
2025-06-25 10:14:07.348 [traceId=] [user=] [SpringApplicationShutdownHook] ERROR o.h.t.s.i.SchemaDropperImpl$DelayedDropActionImpl - HHH000478: Unsuccessful: alter table `order` drop foreign key FKh3c37jq3nrv0f2edcxk0ine72
2025-06-25 10:14:07.349 [traceId=] [user=] [SpringApplicationShutdownHook] ERROR o.h.t.s.i.SchemaDropperImpl$DelayedDropActionImpl - HHH000478: Unsuccessful: alter table order_detail drop foreign key FKlb8mofup9mi791hraxt9wlj5u
2025-06-25 10:14:07.349 [traceId=] [user=] [SpringApplicationShutdownHook] ERROR o.h.t.s.i.SchemaDropperImpl$DelayedDropActionImpl - HHH000478: Unsuccessful: alter table order_detail drop foreign key FKb8bg2bkty0oksa3wiq5mp5qnc
2025-06-25 10:14:07.349 [traceId=] [user=] [SpringApplicationShutdownHook] ERROR o.h.t.s.i.SchemaDropperImpl$DelayedDropActionImpl - HHH000478: Unsuccessful: alter table product drop foreign key FKh259gmj2fw5b2pqed7ii3rpnl
2025-06-25 10:14:07.349 [traceId=] [user=] [SpringApplicationShutdownHook] ERROR o.h.t.s.i.SchemaDropperImpl$DelayedDropActionImpl - HHH000478: Unsuccessful: alter table product drop foreign key FKhiwr0cl8fpxh1xm9y17wo5up0
2025-06-25 10:14:07.349 [traceId=] [user=] [SpringApplicationShutdownHook] ERROR o.h.t.s.i.SchemaDropperImpl$DelayedDropActionImpl - HHH000478: Unsuccessful: alter table product_category drop foreign key FKkud35ls1d40wpjb5htpp14q4e
2025-06-25 10:14:07.349 [traceId=] [user=] [SpringApplicationShutdownHook] ERROR o.h.t.s.i.SchemaDropperImpl$DelayedDropActionImpl - HHH000478: Unsuccessful: alter table product_category drop foreign key FK2k3smhbruedlcrvu6clued06x
